                                                                                   /
                                                                                  /
                                                                                /
                                  North Bank                                   /
                                 ~~~~~~~~~~~~~~~~~~~~~~~~~~~~~~~~~~~~~~~~~~~~~/
~~~~~~                           ~→→→→→Greater Surrey Reach→→→→\→→→→→→→→→→→→→→
      ~~~~~~~~~~~~~~~~~~~~~~~~~→→→→→→→→→→→→→→→→→→→→→→→→→→→→→→→\→→→→→→→→→→→→      
→→→→→→→→→→→→→→→→→→→→→→→→→→→→→→→→→→→→→→→→→→→→→→→→→→→ __-----------------\___
→→→→→→→→→→→→→→→→→→→→→→→→→→→→→→→→→→→→→→→→→→→→ ------         4              \
→→→→→→→→→→→→→→→→→→→→→→→→→→→→↘↘↘→→→→→→→→→→→ /                                --\
→→→→→→→→→→→→→     _____-------↘↘↘--__----/                                      \
→→→→→→→→→→→→→  _--############\↘↘↘\→→                                            \ 
→→→→→→→→→→→→→ -###Surrey's Ear#\↘↘↘\__          Port Surrey-on-the-Brams         |
→→→→→→→→→→→→→  \__###############\_↘↘↘\                3                         |
 Brams River      \__##############\↘↘↘\__             _____                     |
→→→→→→→→→→→→→        --__###########\↘↘↘↘↘----____---/     /\__      5           /
→→→→→→→→→→→→→↘↘↘↘↘↘      --__########\↘↘↘↘↘           ____/__  \---            __/
→→→→→→→→→→→→→→↘↘↘↘↘↘         --__#####\↘↘↘↘↘        /        \     \_____  __/
→→→→→→→→→→→→→→→↘↘↘↘↘↘            --__# \           \_        |          ---/
→→→→→→→→→→→→→→→→↘↘↘↘↘↘               --              --____-/   
→→→→→→→→→→→→→→→→→→→→→→→→→→→→               →→→→→    /  →→→→→→→→→→→→→→→
~~~~~~~~~→→→→→→→→→→→→→→→→→→→  Bramsward Way   →→→  /   →→→→→→→→→→→→→→→
         ~~~~→→→→→→→→→→→→→→→→                 →→→  /    →→→→→→→→→→→→→→→
              ~~~~~~~~~~~~~~~~~~~~~~~~~~~~~~~~~~~~~~~~~~~~~~~~~~~~~~~~~~~~~~~~                    
                            South Bank                                        \                      
                                                                               \                    
                                                                                \                     
                                                                                 \                      
                                                                                  \                      
                                                                                   \                       
   
Lege   
Legend:
\ / = Bridge crossings
#   = Forest-covered cliffs of Surrey's Ear
→  = Flow in Greater Surrey Reach
⬇️  = Flow in Bramsward Way
1. Tween Waters (on Port Surrey proper)
2. Western Narrows (on Port Surrey proper)
3. Admiralty Quarter (with Keelswood)
4. Northern Shore District (needs naming)
5. Eastern Port